// Jest Snapshot v1, https://goo.gl/fbAQLP

exports[`should render ExpenseList with expenses 1`] = `
<div>
  <ExpenseListItem
    amount={195}
    createdAt={0}
    description="Gum"
    endDate={86400000}
    id="1"
    key="1"
    note=""
  />
  <ExpenseListItem
    amount={109500}
    createdAt={-345600000}
    description="Rent"
    endDate={-172800000}
    id="2"
    key="2"
    note=""
  />
  <ExpenseListItem
    amount={4500}
    createdAt={345600000}
    description="Credit Card"
    endDate={777600000}
    id="3"
    key="3"
    note=""
  />
</div>
`;

exports[`should render expenseList with empty message 1`] = `
<div>
  <p>
    No expenses
  </p>
</div>
`;
